ProcessID= 1 : Parent_ProcessID= 0 : Average_Running_Time= 0.180109
ProcessID= 2 : Parent_ProcessID= 0 : Average_Running_Time= 0.0082929
Average_Runing_Children_of_ParentID= 0 is 0.094201
ProcessID= 1153 : Parent_ProcessID= 1 : Average_Running_Time= 0.183227
ProcessID= 1154 : Parent_ProcessID= 1 : Average_Running_Time= 0.113411
ProcessID= 1155 : Parent_ProcessID= 1 : Average_Running_Time= 0.116159
ProcessID= 1494 : Parent_ProcessID= 1 : Average_Running_Time= 0.0434149
ProcessID= 1527 : Parent_ProcessID= 1 : Average_Running_Time= 0.429849
ProcessID= 644 : Parent_ProcessID= 1 : Average_Running_Time= 0.172529
ProcessID= 671 : Parent_ProcessID= 1 : Average_Running_Time= 0.195423
ProcessID= 798 : Parent_ProcessID= 1 : Average_Running_Time= 0.0145529
ProcessID= 802 : Parent_ProcessID= 1 : Average_Running_Time= 0.013648
ProcessID= 831 : Parent_ProcessID= 1 : Average_Running_Time= 0.0108681
ProcessID= 833 : Parent_ProcessID= 1 : Average_Running_Time= 0.0234874
ProcessID= 834 : Parent_ProcessID= 1 : Average_Running_Time= 0.0753588
ProcessID= 837 : Parent_ProcessID= 1 : Average_Running_Time= 0.0897501
ProcessID= 840 : Parent_ProcessID= 1 : Average_Running_Time= 0.119358
ProcessID= 841 : Parent_ProcessID= 1 : Average_Running_Time= 0.140614
ProcessID= 843 : Parent_ProcessID= 1 : Average_Running_Time= 0.169623
ProcessID= 844 : Parent_ProcessID= 1 : Average_Running_Time= 0.152289
ProcessID= 849 : Parent_ProcessID= 1 : Average_Running_Time= 0.154039
ProcessID= 860 : Parent_ProcessID= 1 : Average_Running_Time= 0.0169866
ProcessID= 889 : Parent_ProcessID= 1 : Average_Running_Time= 0.302488
ProcessID= 896 : Parent_ProcessID= 1 : Average_Running_Time= 0.244702
ProcessID= 904 : Parent_ProcessID= 1 : Average_Running_Time= 0.0929953
ProcessID= 911 : Parent_ProcessID= 1 : Average_Running_Time= 0.350191
ProcessID= 912 : Parent_ProcessID= 1 : Average_Running_Time= 0.321871
Average_Runing_Children_of_ParentID= 1 is 0.147785
ProcessID= 10 : Parent_ProcessID= 2 : Average_Running_Time= 0.00310569
ProcessID= 11178 : Parent_ProcessID= 2 : Average_Running_Time= 0.0285738
ProcessID= 11 : Parent_ProcessID= 2 : Average_Running_Time= 0.00013795
ProcessID= 12 : Parent_ProcessID= 2 : Average_Running_Time= 0.0004148
ProcessID= 13 : Parent_ProcessID= 2 : Average_Running_Time= 0.000754858
ProcessID= 142 : Parent_ProcessID= 2 : Average_Running_Time= 0.000792
ProcessID= 143 : Parent_ProcessID= 2 : Average_Running_Time= 0.000741
ProcessID= 144 : Parent_ProcessID= 2 : Average_Running_Time= 0.0002165
ProcessID= 145 : Parent_ProcessID= 2 : Average_Running_Time= 0.0007345
ProcessID= 146 : Parent_ProcessID= 2 : Average_Running_Time= 0.00083
ProcessID= 148 : Parent_ProcessID= 2 : Average_Running_Time= 0.000225
ProcessID= 14 : Parent_ProcessID= 2 : Average_Running_Time= 0.00349069
ProcessID= 1522 : Parent_ProcessID= 2 : Average_Running_Time= 0.0007
ProcessID= 16 : Parent_ProcessID= 2 : Average_Running_Time= 0.00489901
ProcessID= 17 : Parent_ProcessID= 2 : Average_Running_Time= 0.000232
ProcessID= 18 : Parent_ProcessID= 2 : Average_Running_Time= 0.00578257
ProcessID= 1930 : Parent_ProcessID= 2 : Average_Running_Time= 0.0139512
ProcessID= 19 : Parent_ProcessID= 2 : Average_Running_Time= 0.00984698
ProcessID= 20 : Parent_ProcessID= 2 : Average_Running_Time= 0.0004275
ProcessID= 21 : Parent_ProcessID= 2 : Average_Running_Time= 0.0005765
ProcessID= 22 : Parent_ProcessID= 2 : Average_Running_Time= 0.000564
ProcessID= 23 : Parent_ProcessID= 2 : Average_Running_Time= 0.000724
ProcessID= 24 : Parent_ProcessID= 2 : Average_Running_Time= 0.0201605
ProcessID= 25 : Parent_ProcessID= 2 : Average_Running_Time= 0.0005275
ProcessID= 26 : Parent_ProcessID= 2 : Average_Running_Time= 0.0004835
ProcessID= 27 : Parent_ProcessID= 2 : Average_Running_Time= 0.000476
ProcessID= 28 : Parent_ProcessID= 2 : Average_Running_Time= 0.0010295
ProcessID= 29 : Parent_ProcessID= 2 : Average_Running_Time= 0
ProcessID= 30 : Parent_ProcessID= 2 : Average_Running_Time= 0.000478
ProcessID= 31 : Parent_ProcessID= 2 : Average_Running_Time= 0.000711
ProcessID= 32 : Parent_ProcessID= 2 : Average_Running_Time= 0.000631
ProcessID= 33 : Parent_ProcessID= 2 : Average_Running_Time= 0.00520625
ProcessID= 35 : Parent_ProcessID= 2 : Average_Running_Time= 0.00634071
ProcessID= 3 : Parent_ProcessID= 2 : Average_Running_Time= 0
ProcessID= 435 : Parent_ProcessID= 2 : Average_Running_Time= 0.0009635
ProcessID= 446 : Parent_ProcessID= 2 : Average_Running_Time= 0.0012075
ProcessID= 447 : Parent_ProcessID= 2 : Average_Running_Time= 2.80733
ProcessID= 448 : Parent_ProcessID= 2 : Average_Running_Time= 0.0009175
ProcessID= 449 : Parent_ProcessID= 2 : Average_Running_Time= 0.0861695
ProcessID= 450 : Parent_ProcessID= 2 : Average_Running_Time= 0.000865
ProcessID= 452 : Parent_ProcessID= 2 : Average_Running_Time= 0.1179
ProcessID= 453 : Parent_ProcessID= 2 : Average_Running_Time= 0.000955
ProcessID= 4663 : Parent_ProcessID= 2 : Average_Running_Time= 0.0103312
ProcessID= 49 : Parent_ProcessID= 2 : Average_Running_Time= 0.00142267
ProcessID= 4 : Parent_ProcessID= 2 : Average_Running_Time= 0
ProcessID= 517 : Parent_ProcessID= 2 : Average_Running_Time= 0.0009155
ProcessID= 526 : Parent_ProcessID= 2 : Average_Running_Time= 0.000815
ProcessID= 554 : Parent_ProcessID= 2 : Average_Running_Time= 0.0189092
ProcessID= 555 : Parent_ProcessID= 2 : Average_Running_Time= 0.001193
ProcessID= 6 : Parent_ProcessID= 2 : Average_Running_Time= 0.000830333
ProcessID= 729 : Parent_ProcessID= 2 : Average_Running_Time= 0.0016015
ProcessID= 738 : Parent_ProcessID= 2 : Average_Running_Time= 0.0018151
ProcessID= 739 : Parent_ProcessID= 2 : Average_Running_Time= 0.000741
ProcessID= 740 : Parent_ProcessID= 2 : Average_Running_Time= 0.000319
ProcessID= 741 : Parent_ProcessID= 2 : Average_Running_Time= 0.0002985
ProcessID= 742 : Parent_ProcessID= 2 : Average_Running_Time= 0.0004
ProcessID= 743 : Parent_ProcessID= 2 : Average_Running_Time= 0.000302
ProcessID= 744 : Parent_ProcessID= 2 : Average_Running_Time= 0.000713
ProcessID= 745 : Parent_ProcessID= 2 : Average_Running_Time= 0.0004155
ProcessID= 746 : Parent_ProcessID= 2 : Average_Running_Time= 0.0003465
ProcessID= 747 : Parent_ProcessID= 2 : Average_Running_Time= 0.0003465
ProcessID= 766 : Parent_ProcessID= 2 : Average_Running_Time= 0.0102463
ProcessID= 767 : Parent_ProcessID= 2 : Average_Running_Time= 0.000978
ProcessID= 770 : Parent_ProcessID= 2 : Average_Running_Time= 0.000987
ProcessID= 771 : Parent_ProcessID= 2 : Average_Running_Time= 0.0011905
ProcessID= 772 : Parent_ProcessID= 2 : Average_Running_Time= 0.0005515
ProcessID= 773 : Parent_ProcessID= 2 : Average_Running_Time= 0.000488
ProcessID= 774 : Parent_ProcessID= 2 : Average_Running_Time= 0.0004565
ProcessID= 775 : Parent_ProcessID= 2 : Average_Running_Time= 0.0004335
ProcessID= 776 : Parent_ProcessID= 2 : Average_Running_Time= 0.000692
ProcessID= 777 : Parent_ProcessID= 2 : Average_Running_Time= 0.000708
ProcessID= 778 : Parent_ProcessID= 2 : Average_Running_Time= 0.00166346
ProcessID= 813 : Parent_ProcessID= 2 : Average_Running_Time= 0.001173
ProcessID= 814 : Parent_ProcessID= 2 : Average_Running_Time= 0.0004205
ProcessID= 815 : Parent_ProcessID= 2 : Average_Running_Time= 0.0012515
ProcessID= 9 : Parent_ProcessID= 2 : Average_Running_Time= 0
Average_Runing_Children_of_ParentID= 2 is 0.0420137
ProcessID= 884 : Parent_ProcessID= 833 : Average_Running_Time= 0.0173981
ProcessID= 886 : Parent_ProcessID= 833 : Average_Running_Time= 0.0210866
Average_Runing_Children_of_ParentID= 833 is 0.0192423
ProcessID= 861 : Parent_ProcessID= 834 : Average_Running_Time= 0.0251927
Average_Runing_Children_of_ParentID= 834 is 0.0251927
ProcessID= 1539 : Parent_ProcessID= 1153 : Average_Running_Time= 0.128619
Average_Runing_Children_of_ParentID= 1153 is 0.128619
ProcessID= 1533 : Parent_ProcessID= 1527 : Average_Running_Time= 0.04704
Average_Runing_Children_of_ParentID= 1527 is 0.04704
ProcessID= 15089 : Parent_ProcessID= 1539 : Average_Running_Time= 0.0343834
Average_Running_Children_of_ParentID= 1539 is 0.0343834
