111
1 : /usr/lib/systemd/systemd
2 : [kthreadd]
3 : [rcu_gp]
4 : [rcu_par_gp]
6 : [kworker/0:0H-events_highpr
9 : [mm_percpu_wq]
10 : [ksoftirqd/0]
11 : [rcu_sched]
12 : [migration/0]
13 : [watchdog/0]
14 : [cpuhp/0]
16 : [kdevtmpfs]
17 : [netns]
18 : [kauditd]
19 : [khungtaskd]
20 : [oom_reaper]
21 : [writeback]
22 : [kcompactd0]
23 : [ksmd]
24 : [khugepaged]
25 : [crypto]
26 : [kintegrityd]
27 : [kblockd]
28 : [blkcg_punt_bio]
29 : [tpm_dev_wq]
30 : [md]
31 : [edac-poller]
32 : [watchdogd]
33 : [kworker/0:1H-kblockd]
35 : [kworker/u2:1-flush-253:2]
49 : [kswapd0]
142 : [kthrotld]
143 : [acpi_thermal_pm]
144 : [kmpath_rdacd]
145 : [kaluad]
146 : [ipv6_addrconf]
148 : [kstrp]
435 : [iprt-VBoxWQueue]
446 : [ata_sff]
447 : [scsi_eh_0]
448 : [scsi_tmf_0]
449 : [scsi_eh_1]
450 : [scsi_tmf_1]
452 : [scsi_eh_2]
453 : [scsi_tmf_2]
517 : [kdmflush]
526 : [kdmflush]
554 : [jbd2/dm-0-8]
555 : [ext4-rsv-conver]
644 : /usr/lib/systemd/systemd-jo
671 : /usr/lib/systemd/systemd-ud
729 : [kdmflush]
738 : [irq/18-vmwgfx]
739 : [ttm_swap]
740 : [card0-crtc0]
741 : [card0-crtc1]
742 : [card0-crtc2]
743 : [card0-crtc3]
744 : [card0-crtc4]
745 : [card0-crtc5]
746 : [card0-crtc6]
747 : [card0-crtc7]
766 : [jbd2/sda1-8]
767 : [ext4-rsv-conver]
770 : [xfsalloc]
771 : [xfs_mru_cache]
772 : [xfs-buf/dm-2]
773 : [xfs-conv/dm-2]
774 : [xfs-cil/dm-2]
775 : [xfs-reclaim/dm-]
776 : [xfs-eofblocks/d]
777 : [xfs-log/dm-2]
778 : [xfsaild/dm-2]
802 : /sbin/auditd
813 : [rpciod]
814 : [kworker/u3:0]
815 : [xprtiod]
833 : /usr/sbin/sssd
840 : /usr/sbin/mcelog
843 : /usr/sbin/smartd
844 : /usr/sbin/ModemManager
849 : /usr/sbin/gssproxy
861 : avahi-daemon:
884 : /usr/libexec/sssd/sssd_be
886 : /usr/libexec/sssd/sssd_nss
889 : /usr/libexec/platform-pytho
896 : /usr/lib/systemd/systemd-lo
904 : /usr/sbin/NetworkManager
911 : /usr/libexec/platform-pytho
912 : /usr/sbin/sshd
1153 : login
1154 : /usr/sbin/atd
1155 : /usr/sbin/crond
1494 : /usr/sbin/VBoxService
1522 : [kworker/u2:0-events_unboun
1527 : /usr/lib/systemd/systemd
1533 : (sd-pam)
1539 : -bash
28714 : [kworker/0:1-xfs-conv/dm-2]
37901 : [kworker/0:0-ata_sff]
37926 : [kworker/0:2-ata_sff]
37931 : bash
37934 : ps
37935 : grep
37936 : awk
